# file opened: ./test/message.asm
 1    0000                  device	zxspectrum48
 2    0000
 3    0000                  org $8000
 4    8000
 5    8000 18 0D            jr start
 6    8002
 7    8002              ENTER = $0D
 8    8002              UPPER_A = $41
 9    8002              UPPER_Z = $5A
10    8002              LOWER_A = $61
11    8002              LOWER_Z = $7A
12    8002
13    8002              messsage:
14    8002 48 65 6C 6C      db "Hello world!",ENTER
14    8006 6F 20 77 6F
14    800A 72 6C 64 21
14    800E 0D
15    800F
16    800F              MSG_LEN = $ - messsage
17    800F
18    800F              start:
19    800F 21 02 80         ld hl,messsage
20    8012 06 0D            ld b,MSG_LEN
21    8014              orig_loop:
22    8014 7E               ld a,(hl)
23    8015 D7               rst $10
24    8016 23               inc hl
25    8017 10 FB            djnz orig_loop
26    8019
27    8019 21 02 80         ld hl,messsage
28    801C 7E               ld a,(hl)
29    801D              lower_loop:
30    801D FE 41            cp UPPER_A
31    801F 38 05            jr c,print_lower_char
32    8021 FE 5B            cp UPPER_Z+1
33    8023 DC 3C 80         call c,tolower
34    8026              print_lower_char:
35    8026 D7               rst $10
36    8027 23               inc hl
37    8028 7E               ld a,(hl)
38    8029 FE 0D            cp ENTER
39    802B 20 F0            jr nz, lower_loop
40    802D D7               rst $10
41    802E
42    802E 21 02 80         ld hl, messsage
43    8031 06 0D            ld b,MSG_LEN
44    8033              upper_loop:
45    8033 7E               ld a,(hl)
46    8034 CD 3F 80         call toupper
47    8037 D7               rst $10
48    8038 23               inc hl
49    8039 10 F8            djnz upper_loop
50    803B
51    803B C9               ret
52    803C              tolower:
53    803C C6 20            add $20
54    803E C9               ret
55    803F
56    803F              toupper:
57    803F FE 61            cp LOWER_A
58    8041 D8               ret c
59    8042 FE 7B            cp LOWER_Z+1
60    8044 D0               ret nc
61    8045 D6 20            sub $20
62    8047 C9               ret
63    8048
64    8048                  savesna "message.sna",start
# file closed: ./test/message.asm
